// Jest Snapshot v1, https://goo.gl/fbAQLP

exports[`<Search/> renders the component 1`] = `
<DocumentFragment>
  <div
    class="input-group"
    style="width: 250px;"
  >
    <input
      class="form-control"
      placeholder="Search something"
      type="text"
    />
  </div>
</DocumentFragment>
`;
